PLUMED: PLUMED is starting
PLUMED: Version: 2.5.1 (git: Unknown) compiled on May  8 2019 at 11:35:20
PLUMED: Please cite this paper when using PLUMED [1]
PLUMED: For further information see the PLUMED web page at http://www.plumed.org
PLUMED: Root: /usr/local/lib/plumed
PLUMED: For installed feature, see /usr/local/lib/plumed/src/config/config.txt
PLUMED: Molecular dynamics engine: python
PLUMED: Precision of reals: 8
PLUMED: Running over 1 node
PLUMED: Number of threads: 1
PLUMED: Cache line size: 512
PLUMED: Number of atoms: 48840
PLUMED: File suffix: 
PLUMED: Timestep: 1.000000
PLUMED: KbT: 1.000000
PLUMED: Relevant bibliography:
PLUMED:   [1] Tribello, Bonomi, Branduardi, Camilloni, and Bussi, Comput. Phys. Commun. 185, 604 (2014)
PLUMED: Please read and cite where appropriate!
PLUMED: Finished setup
PLUMED: FILE: md1.xtc
PLUMED: END FILE: md1.xtc
PLUMED: Action DISTANCE
PLUMED:   with label d1
PLUMED:   between atoms 5 22
PLUMED:   using periodic boundary conditions
PLUMED: Action PRINT
PLUMED:   with label @1
PLUMED:   with stride 1
PLUMED:   with arguments d1
PLUMED:   on file pycolvar
PLUMED:   with format  %f
PLUMED:                                               Cycles        Total      Average      Minumum      Maximum
PLUMED:                                                    1     0.077781     0.077781     0.077781     0.077781
